
> umuman@0.1.0 build
> next build

   Γû▓ Next.js 15.2.6
   - Environments: .env.local

   Creating an optimized production build ...
 Γ£ô Compiled successfully
   Linting and checking validity of types ...
npm : 
At line:1 char:1
+ npm run build > build_output.txt 2>&1
+ ~~~~~~~~~~~~~~~~~~~~~~~~~~~~~~~~~~~~~
    + CategoryInfo          : NotSpecified: (:String) [], RemoteException
    + FullyQualifiedErrorId : NativeCommandError
 
Failed to compile.

./src/app/(auth)/callback/route.ts
9:9  Error: 'next' is never reassigned. Use 'const' instead.  prefer-const

./src/app/api/auth/callback/route.ts
10:7  Error: 'next' is never reassigned. Use 'const' instead.  prefer-const

./src/app/dashboard/edit/[id]/page.tsx
204:6  Warning: React Hook useEffect has missing dependencies: 'upF' and 'upX'. Either include them or remove the dependency array.  react-hooks/exhaustive-deps

./src/app/layout.tsx
58:9  Warning: Custom fonts not added in `pages/_document.js` will only load for a single page. This is discouraged. See: https://nextjs.org/docs/messages/no-page-custom-font  
@next/next/no-page-custom-font

./src/hooks/useTheme.ts
209:49  Warning: Unused eslint-disable directive (no problems were reported from 'react-hooks/exhaustive-deps').

info  - Need to disable some ESLint rules? Learn more here: https://nextjs.org/docs/app/api-reference/config/eslint#disabling-rules
