src/app/dashboard/undangan/[id]/edit/EditorClient.tsx(1031,58): error TS2322: Type '{ coupleShortName: string; coverPhoto: any; heroPhoto: any; groom: { fullName: any; father: string; mother: string; photo: any; }; bride: { fullName: any; father: string; mother: string; photo: string; }; ... 12 more ...; calendarUrl: string; }' is not assignable to type 'InvitationData'.
  Types of property 'rsvpMessages' are incompatible.
    Type '{ name: string; attendance: string; message: string; createdAt: string; }[]' is not assignable to type 'RsvpMessage[]'.
      Type '{ name: string; attendance: string; message: string; createdAt: string; }' is missing the following properties from type 'RsvpMessage': id, guestName
src/app/invite/[slug]/InvitationClientWrapper.tsx(150,79): error TS2322: Type '{ key: "rsvp"; initialMessages: RsvpMessage[]; }' is not assignable to type 'IntrinsicAttributes & RsvpSectionProps'.
  Property 'initialMessages' does not exist on type 'IntrinsicAttributes & RsvpSectionProps'.
src/app/invite/[slug]/page.tsx(51,42): error TS2322: Type '{ coupleShortName: string; groom: { fullName: string; father: string; mother: string; photo: string; }; bride: { fullName: string; father: string; mother: string; photo: string; }; coverPhoto: string; ... 10 more ...; calendarUrl: string; }' is not assignable to type 'InvitationData'.
  Types of property 'rsvpMessages' are incompatible.
    Type '{ name: string; attendance: string; message: string; createdAt: string; }[]' is not assignable to type 'RsvpMessage[]'.
      Type '{ name: string; attendance: string; message: string; createdAt: string; }' is missing the following properties from type 'RsvpMessage': id, guestName
src/app/invite/demo/page.tsx(84,39): error TS2322: Type '{ text: string; source: string; }' is not assignable to type 'IntrinsicAttributes & QuoteSectionProps'.
  Property 'text' does not exist on type 'IntrinsicAttributes & QuoteSectionProps'.
src/app/invite/demo/page.tsx(86,43): error TS2322: Type '{ date: string; title: string; description: string; photo: string; }[]' is not assignable to type '{ year: string; title: string; description: string; }[]'.
  Property 'year' is missing in type '{ date: string; title: string; description: string; photo: string; }' but required in type '{ year: string; title: string; description: string; }'.
src/app/invite/demo/page.tsx(93,29): error TS2741: Property 'note' is missing in type '{ description: string; colors: string[]; }' but required in type '{ colors: string[]; note: string; }'.
src/app/invite/demo/page.tsx(103,38): error TS2322: Type '{ initialMessages: { name: string; attendance: string; message: string; createdAt: string; }[]; }' is not assignable to type 'IntrinsicAttributes & RsvpSectionProps'.
  Property 'initialMessages' does not exist on type 'IntrinsicAttributes & RsvpSectionProps'.
src/app/u/[slug]/page.tsx(134,46): error TS2322: Type '{ coupleShortName: string; theme: any; groom: { fullName: any; nickname: any; father: string; mother: string; photo: string; }; bride: { fullName: any; nickname: any; father: string; mother: string; photo: string; }; ... 11 more ...; calendarUrl: string; }' is not assignable to type 'InvitationData'.
  Types of property 'rsvpMessages' are incompatible.
    Type '{ name: string; attendance: string; message: string; createdAt: string; }[]' is not assignable to type 'RsvpMessage[]'.
      Type '{ name: string; attendance: string; message: string; createdAt: string; }' is missing the following properties from type 'RsvpMessage': id, guestName
src/app/u/[slug]/page.tsx(185,38): error TS2322: Type '{ coupleShortName: string; theme: any; groom: { fullName: any; nickname: any; father: string; mother: string; photo: string; }; bride: { fullName: any; nickname: any; father: string; mother: string; photo: string; }; ... 11 more ...; calendarUrl: string; }' is not assignable to type 'InvitationData'.
  Types of property 'rsvpMessages' are incompatible.
    Type '{ name: string; attendance: string; message: string; createdAt: string; }[]' is not assignable to type 'RsvpMessage[]'.
      Type '{ name: string; attendance: string; message: string; createdAt: string; }' is missing the following properties from type 'RsvpMessage': id, guestName
src/components/dashboard/MusicPickerTab.tsx(178,37): error TS2322: Type '"default" | "secondary"' is not assignable to type '"primary" | "secondary" | "ghost" | "destructive" | null | undefined'.
  Type '"default"' is not assignable to type '"primary" | "secondary" | "ghost" | "destructive" | null | undefined'.
